{"totalContributions":2048,"firstContribution":"2016-08-10","longestStreak":{"start":"2016-12-19","end":"2016-03-14","length":86},"currentStreak":{"start":"2019-03-28","end":"2019-04-12","length":16}}